// Jest Snapshot v1, https://goo.gl/fbAQLP

exports[`matches snapshot 1`] = `
<DocumentFragment>
  <img
    alt="p1"
    class="p1 active"
  />
</DocumentFragment>
`;
