// Jest Snapshot v1, https://goo.gl/fbAQLP

exports[`matches snapshot 1`] = `
<DocumentFragment>
  <div
    class="each-pet"
    id="1"
    tabindex="0"
  >
    <img
      alt="mouse"
      class="pet-img"
    />
  </div>
</DocumentFragment>
`;
